Get{..}<Person>
GetMany{..}<Person>
GetJust{..}<Person>
GetJustEntity{..}<Person>
GetEntity{..}<Person>
BelongsTo{..}<(Person,Post)>
BelongsToJust{..}<(Person,Post)>
Insert{..}<Person>
Insert_{..}<Person>
InsertMany{..}<Person>
InsertMany_{..}<Person>
InsertEntityMany{..}<Person>
InsertKey{..}<Person>
Repsert{..}<Person>
RepsertMany{..}<Person>
Replace{..}<Person>
Delete{..}<Person>
Update{..}<Person>
UpdateGet{..}<Person>
InsertEntity{..}<Person>
InsertRecord{..}<Person>
GetBy{..}<Person>
GetByValue{..}<Person>
CheckUnique{..}<Person>
DeleteBy{..}<Person>
InsertUnique{..}<Person>
Upsert{..}<Person>
UpsertBy{..}<Person>
PutMany{..}<Person>
InsertBy{..}<Person>
InsertUniqueEntity{..}<Person>
ReplaceUnique{..}<Person>
OnlyUnique{..}<Person>
SelectSourceRes{..}<Person>
SelectFirst{..}<Person>
SelectKeysRes{..}<Person>
Count{..}<Person>
SelectList{..}<Person>
SelectKeysList{..}<Person>
UpdateWhere{..}<Person>
DeleteWhere{..}<Person>
DeleteWhereCount{..}<Person>
UpdateWhereCount{..}<Person>
DeleteCascade{..}<Person>
DeleteCascadeWhere{..}<Person>
ParseMigration{..}
ParseMigration'{..}
PrintMigration{..}
ShowMigration{..}
GetMigration{..}
RunMigration{..}
RunMigrationQuiet{..}
RunMigrationSilent{..}
RunMigrationUnsafe{..}
RunMigrationUnsafeQuiet{..}
GetFieldName{..}<Person>
GetTableName{..}<Person>
WithRawQuery{..}
RawQueryRes{..}
RawExecute{..}
RawExecuteCount{..}
RawSql{..}
TransactionSave{..}
TransactionSaveWithIsolation{..}
TransactionUndo{..}
TransactionUndoWithIsolation{..}
